Analysis & Synthesis report for BO
Wed Dec 07 23:07:43 2022
Quartus II 64-Bit Version 13.0.1 Build 232 06/12/2013 Service Pack 1 SJ Web Edition


---------------------
; Table of Contents ;
---------------------
  1. Legal Notice
  2. Analysis & Synthesis Summary
  3. Analysis & Synthesis Settings
  4. Parallel Compilation
  5. Analysis & Synthesis Source Files Read
  6. Analysis & Synthesis Resource Usage Summary
  7. Analysis & Synthesis Resource Utilization by Entity
  8. Analysis & Synthesis DSP Block Usage Summary
  9. General Register Statistics
 10. Multiplexer Restructuring Statistics (Restructuring Performed)
 11. Parameter Settings for User Entity Instance: Top-level Entity: |BO
 12. Parameter Settings for Inferred Entity Instance: operador:op|lpm_mult:Mult0
 13. Parameter Settings for Inferred Entity Instance: display:disp|lpm_divide:Div0
 14. Parameter Settings for Inferred Entity Instance: display:disp|lpm_divide:Div1
 15. Parameter Settings for Inferred Entity Instance: display:disp|lpm_divide:Div2
 16. lpm_mult Parameter Settings by Entity Instance
 17. Port Connectivity Checks: "display:disp"
 18. Port Connectivity Checks: "operador:op"
 19. Port Connectivity Checks: "mux4x1:mux2"
 20. Port Connectivity Checks: "mux4x1:mux1"
 21. Port Connectivity Checks: "mux4x1:mux0"
 22. Elapsed Time Per Partition
 23. Analysis & Synthesis Messages



----------------
; Legal Notice ;
----------------
Copyright (C) 1991-2013 Altera Corporation
Your use of Altera Corporation's design tools, logic functions 
and other software and tools, and its AMPP partner logic 
functions, and any output files from any of the foregoing 
(including device programming or simulation files), and any 
associated documentation or information are expressly subject 
to the terms and conditions of the Altera Program License 
Subscription Agreement, Altera MegaCore Function License 
Agreement, or other applicable license agreement, including, 
without limitation, that your use is for the sole purpose of 
programming logic devices manufactured by Altera and sold by 
Altera or its authorized distributors.  Please refer to the 
applicable agreement for further details.



+--------------------------------------------------------------------------------------+
; Analysis & Synthesis Summary                                                         ;
+------------------------------------+-------------------------------------------------+
; Analysis & Synthesis Status        ; Successful - Wed Dec 07 23:07:43 2022           ;
; Quartus II 64-Bit Version          ; 13.0.1 Build 232 06/12/2013 SP 1 SJ Web Edition ;
; Revision Name                      ; BO                                              ;
; Top-level Entity Name              ; BO                                              ;
; Family                             ; Cyclone II                                      ;
; Total logic elements               ; 220                                             ;
;     Total combinational functions  ; 209                                             ;
;     Dedicated logic registers      ; 19                                              ;
; Total registers                    ; 19                                              ;
; Total pins                         ; 42                                              ;
; Total virtual pins                 ; 0                                               ;
; Total memory bits                  ; 0                                               ;
; Embedded Multiplier 9-bit elements ; 1                                               ;
; Total PLLs                         ; 0                                               ;
+------------------------------------+-------------------------------------------------+


+----------------------------------------------------------------------------------------------------------------------+
; Analysis & Synthesis Settings                                                                                        ;
+----------------------------------------------------------------------------+--------------------+--------------------+
; Option                                                                     ; Setting            ; Default Value      ;
+----------------------------------------------------------------------------+--------------------+--------------------+
; Device                                                                     ; EP2C20F484C7       ;                    ;
; Top-level entity name                                                      ; BO                 ; BO                 ;
; Family name                                                                ; Cyclone II         ; Cyclone IV GX      ;
; Use smart compilation                                                      ; Off                ; Off                ;
; Enable parallel Assembler and TimeQuest Timing Analyzer during compilation ; On                 ; On                 ;
; Enable compact report table                                                ; Off                ; Off                ;
; Restructure Multiplexers                                                   ; Auto               ; Auto               ;
; Create Debugging Nodes for IP Cores                                        ; Off                ; Off                ;
; Preserve fewer node names                                                  ; On                 ; On                 ;
; Disable OpenCore Plus hardware evaluation                                  ; Off                ; Off                ;
; Verilog Version                                                            ; Verilog_2001       ; Verilog_2001       ;
; VHDL Version                                                               ; VHDL_1993          ; VHDL_1993          ;
; State Machine Processing                                                   ; Auto               ; Auto               ;
; Safe State Machine                                                         ; Off                ; Off                ;
; Extract Verilog State Machines                                             ; On                 ; On                 ;
; Extract VHDL State Machines                                                ; On                 ; On                 ;
; Ignore Verilog initial constructs                                          ; Off                ; Off                ;
; Iteration limit for constant Verilog loops                                 ; 5000               ; 5000               ;
; Iteration limit for non-constant Verilog loops                             ; 250                ; 250                ;
; Add Pass-Through Logic to Inferred RAMs                                    ; On                 ; On                 ;
; Infer RAMs from Raw Logic                                                  ; On                 ; On                 ;
; Parallel Synthesis                                                         ; On                 ; On                 ;
; DSP Block Balancing                                                        ; Auto               ; Auto               ;
; NOT Gate Push-Back                                                         ; On                 ; On                 ;
; Power-Up Don't Care                                                        ; On                 ; On                 ;
; Remove Redundant Logic Cells                                               ; Off                ; Off                ;
; Remove Duplicate Registers                                                 ; On                 ; On                 ;
; Ignore CARRY Buffers                                                       ; Off                ; Off                ;
; Ignore CASCADE Buffers                                                     ; Off                ; Off                ;
; Ignore GLOBAL Buffers                                                      ; Off                ; Off                ;
; Ignore ROW GLOBAL Buffers                                                  ; Off                ; Off                ;
; Ignore LCELL Buffers                                                       ; Off                ; Off                ;
; Ignore SOFT Buffers                                                        ; On                 ; On                 ;
; Limit AHDL Integers to 32 Bits                                             ; Off                ; Off                ;
; Optimization Technique                                                     ; Balanced           ; Balanced           ;
; Carry Chain Length                                                         ; 70                 ; 70                 ;
; Auto Carry Chains                                                          ; On                 ; On                 ;
; Auto Open-Drain Pins                                                       ; On                 ; On                 ;
; Perform WYSIWYG Primitive Resynthesis                                      ; Off                ; Off                ;
; Auto ROM Replacement                                                       ; On                 ; On                 ;
; Auto RAM Replacement                                                       ; On                 ; On                 ;
; Auto Shift Register Replacement                                            ; Auto               ; Auto               ;
; Allow Shift Register Merging across Hierarchies                            ; Auto               ; Auto               ;
; Auto Clock Enable Replacement                                              ; On                 ; On                 ;
; Strict RAM Replacement                                                     ; Off                ; Off                ;
; Allow Synchronous Control Signals                                          ; On                 ; On                 ;
; Force Use of Synchronous Clear Signals                                     ; Off                ; Off                ;
; Auto RAM to Logic Cell Conversion                                          ; Off                ; Off                ;
; Auto Resource Sharing                                                      ; Off                ; Off                ;
; Allow Any RAM Size For Recognition                                         ; Off                ; Off                ;
; Allow Any ROM Size For Recognition                                         ; Off                ; Off                ;
; Allow Any Shift Register Size For Recognition                              ; Off                ; Off                ;
; Use LogicLock Constraints during Resource Balancing                        ; On                 ; On                 ;
; Ignore translate_off and synthesis_off directives                          ; Off                ; Off                ;
; Timing-Driven Synthesis                                                    ; Off                ; Off                ;
; Report Parameter Settings                                                  ; On                 ; On                 ;
; Report Source Assignments                                                  ; On                 ; On                 ;
; Report Connectivity Checks                                                 ; On                 ; On                 ;
; Ignore Maximum Fan-Out Assignments                                         ; Off                ; Off                ;
; Synchronization Register Chain Length                                      ; 2                  ; 2                  ;
; PowerPlay Power Optimization                                               ; Normal compilation ; Normal compilation ;
; HDL message level                                                          ; Level2             ; Level2             ;
; Suppress Register Optimization Related Messages                            ; Off                ; Off                ;
; Number of Removed Registers Reported in Synthesis Report                   ; 5000               ; 5000               ;
; Number of Swept Nodes Reported in Synthesis Report                         ; 5000               ; 5000               ;
; Number of Inverted Registers Reported in Synthesis Report                  ; 100                ; 100                ;
; Clock MUX Protection                                                       ; On                 ; On                 ;
; Auto Gated Clock Conversion                                                ; Off                ; Off                ;
; Block Design Naming                                                        ; Auto               ; Auto               ;
; SDC constraint protection                                                  ; Off                ; Off                ;
; Synthesis Effort                                                           ; Auto               ; Auto               ;
; Shift Register Replacement - Allow Asynchronous Clear Signal               ; On                 ; On                 ;
; Pre-Mapping Resynthesis Optimization                                       ; Off                ; Off                ;
; Analysis & Synthesis Message Level                                         ; Medium             ; Medium             ;
; Disable Register Merging Across Hierarchies                                ; Auto               ; Auto               ;
; Resource Aware Inference For Block RAM                                     ; On                 ; On                 ;
; Synthesis Seed                                                             ; 1                  ; 1                  ;
+----------------------------------------------------------------------------+--------------------+--------------------+


Parallel compilation was disabled, but you have multiple processors available. Enable parallel compilation to reduce compilation time.
+-------------------------------------+
; Parallel Compilation                ;
+----------------------------+--------+
; Processors                 ; Number ;
+----------------------------+--------+
; Number detected on machine ; 4      ;
; Maximum allowed            ; 1      ;
+----------------------------+--------+


+---------------------------------------------------------------------------------------------------------------------------------------------------------------------+
; Analysis & Synthesis Source Files Read                                                                                                                              ;
+----------------------------------+-----------------+------------------------------+-----------------------------------------------------------------------+---------+
; File Name with User-Entered Path ; Used in Netlist ; File Type                    ; File Name with Absolute Path                                          ; Library ;
+----------------------------------+-----------------+------------------------------+-----------------------------------------------------------------------+---------+
; mux4x1.v                         ; yes             ; User Verilog HDL File        ; C:/Users/yuril/Desktop/BlocoOperativo/mux4x1.v                        ;         ;
; BO.v                             ; yes             ; User Verilog HDL File        ; C:/Users/yuril/Desktop/BlocoOperativo/BO.v                            ;         ;
; operador.v                       ; yes             ; User Verilog HDL File        ; C:/Users/yuril/Desktop/BlocoOperativo/operador.v                      ;         ;
; display.v                        ; yes             ; User Verilog HDL File        ; C:/Users/yuril/Desktop/BlocoOperativo/display.v                       ;         ;
; lpm_mult.tdf                     ; yes             ; Megafunction                 ; c:/altera/13.0sp1/quartus/libraries/megafunctions/lpm_mult.tdf        ;         ;
; aglobal130.inc                   ; yes             ; Megafunction                 ; c:/altera/13.0sp1/quartus/libraries/megafunctions/aglobal130.inc      ;         ;
; lpm_add_sub.inc                  ; yes             ; Megafunction                 ; c:/altera/13.0sp1/quartus/libraries/megafunctions/lpm_add_sub.inc     ;         ;
; multcore.inc                     ; yes             ; Megafunction                 ; c:/altera/13.0sp1/quartus/libraries/megafunctions/multcore.inc        ;         ;
; bypassff.inc                     ; yes             ; Megafunction                 ; c:/altera/13.0sp1/quartus/libraries/megafunctions/bypassff.inc        ;         ;
; altshift.inc                     ; yes             ; Megafunction                 ; c:/altera/13.0sp1/quartus/libraries/megafunctions/altshift.inc        ;         ;
; db/mult_o5t.tdf                  ; yes             ; Auto-Generated Megafunction  ; C:/Users/yuril/Desktop/BlocoOperativo/db/mult_o5t.tdf                 ;         ;
; lpm_divide.tdf                   ; yes             ; Megafunction                 ; c:/altera/13.0sp1/quartus/libraries/megafunctions/lpm_divide.tdf      ;         ;
; abs_divider.inc                  ; yes             ; Megafunction                 ; c:/altera/13.0sp1/quartus/libraries/megafunctions/abs_divider.inc     ;         ;
; sign_div_unsign.inc              ; yes             ; Megafunction                 ; c:/altera/13.0sp1/quartus/libraries/megafunctions/sign_div_unsign.inc ;         ;
; db/lpm_divide_aem.tdf            ; yes             ; Auto-Generated Megafunction  ; C:/Users/yuril/Desktop/BlocoOperativo/db/lpm_divide_aem.tdf           ;         ;
; db/sign_div_unsign_klh.tdf       ; yes             ; Auto-Generated Megafunction  ; C:/Users/yuril/Desktop/BlocoOperativo/db/sign_div_unsign_klh.tdf      ;         ;
; db/alt_u_div_a2f.tdf             ; yes             ; Auto-Generated Megafunction  ; C:/Users/yuril/Desktop/BlocoOperativo/db/alt_u_div_a2f.tdf            ;         ;
; db/add_sub_lkc.tdf               ; yes             ; Auto-Generated Megafunction  ; C:/Users/yuril/Desktop/BlocoOperativo/db/add_sub_lkc.tdf              ;         ;
; db/add_sub_mkc.tdf               ; yes             ; Auto-Generated Megafunction  ; C:/Users/yuril/Desktop/BlocoOperativo/db/add_sub_mkc.tdf              ;         ;
; db/lpm_divide_gem.tdf            ; yes             ; Auto-Generated Megafunction  ; C:/Users/yuril/Desktop/BlocoOperativo/db/lpm_divide_gem.tdf           ;         ;
; db/sign_div_unsign_qlh.tdf       ; yes             ; Auto-Generated Megafunction  ; C:/Users/yuril/Desktop/BlocoOperativo/db/sign_div_unsign_qlh.tdf      ;         ;
; db/alt_u_div_m2f.tdf             ; yes             ; Auto-Generated Megafunction  ; C:/Users/yuril/Desktop/BlocoOperativo/db/alt_u_div_m2f.tdf            ;         ;
+----------------------------------+-----------------+------------------------------+-----------------------------------------------------------------------+---------+


+-----------------------------------------------------------------------------------------------------------+
; Analysis & Synthesis Resource Usage Summary                                                               ;
+---------------------------------------------+-------------------------------------------------------------+
; Resource                                    ; Usage                                                       ;
+---------------------------------------------+-------------------------------------------------------------+
; Estimated Total logic elements              ; 220                                                         ;
;                                             ;                                                             ;
; Total combinational functions               ; 209                                                         ;
; Logic element usage by number of LUT inputs ;                                                             ;
;     -- 4 input functions                    ; 78                                                          ;
;     -- 3 input functions                    ; 60                                                          ;
;     -- <=2 input functions                  ; 71                                                          ;
;                                             ;                                                             ;
; Logic elements by mode                      ;                                                             ;
;     -- normal mode                          ; 148                                                         ;
;     -- arithmetic mode                      ; 61                                                          ;
;                                             ;                                                             ;
; Total registers                             ; 19                                                          ;
;     -- Dedicated logic registers            ; 19                                                          ;
;     -- I/O registers                        ; 0                                                           ;
;                                             ;                                                             ;
; I/O pins                                    ; 42                                                          ;
; Embedded Multiplier 9-bit elements          ; 1                                                           ;
; Maximum fan-out node                        ; operador:op|lpm_mult:Mult0|mult_o5t:auto_generated|mac_out2 ;
; Maximum fan-out                             ; 30                                                          ;
; Total fan-out                               ; 704                                                         ;
; Average fan-out                             ; 2.59                                                        ;
+---------------------------------------------+-------------------------------------------------------------+


+-----------------------------------------------------------------------------------------------------------------------------------------------------------------------------------------------------------------------------------------------------------------------------------------+
; Analysis & Synthesis Resource Utilization by Entity                                                                                                                                                                                                                                     ;
+-------------------------------------------+-------------------+--------------+-------------+--------------+---------+-----------+------+--------------+------------------------------------------------------------------------------------------------------------------+--------------+
; Compilation Hierarchy Node                ; LC Combinationals ; LC Registers ; Memory Bits ; DSP Elements ; DSP 9x9 ; DSP 18x18 ; Pins ; Virtual Pins ; Full Hierarchy Name                                                                                              ; Library Name ;
+-------------------------------------------+-------------------+--------------+-------------+--------------+---------+-----------+------+--------------+------------------------------------------------------------------------------------------------------------------+--------------+
; |BO                                       ; 209 (1)           ; 19 (19)      ; 0           ; 1            ; 1       ; 0         ; 42   ; 0            ; |BO                                                                                                              ; work         ;
;    |display:disp|                         ; 163 (32)          ; 0 (0)        ; 0           ; 0            ; 0       ; 0         ; 0    ; 0            ; |BO|display:disp                                                                                                 ; work         ;
;       |lpm_divide:Div0|                   ; 82 (0)            ; 0 (0)        ; 0           ; 0            ; 0       ; 0         ; 0    ; 0            ; |BO|display:disp|lpm_divide:Div0                                                                                 ; work         ;
;          |lpm_divide_aem:auto_generated|  ; 82 (0)            ; 0 (0)        ; 0           ; 0            ; 0       ; 0         ; 0    ; 0            ; |BO|display:disp|lpm_divide:Div0|lpm_divide_aem:auto_generated                                                   ; work         ;
;             |sign_div_unsign_klh:divider| ; 82 (0)            ; 0 (0)        ; 0           ; 0            ; 0       ; 0         ; 0    ; 0            ; |BO|display:disp|lpm_divide:Div0|lpm_divide_aem:auto_generated|sign_div_unsign_klh:divider                       ; work         ;
;                |alt_u_div_a2f:divider|    ; 82 (82)           ; 0 (0)        ; 0           ; 0            ; 0       ; 0         ; 0    ; 0            ; |BO|display:disp|lpm_divide:Div0|lpm_divide_aem:auto_generated|sign_div_unsign_klh:divider|alt_u_div_a2f:divider ; work         ;
;       |lpm_divide:Div1|                   ; 44 (0)            ; 0 (0)        ; 0           ; 0            ; 0       ; 0         ; 0    ; 0            ; |BO|display:disp|lpm_divide:Div1                                                                                 ; work         ;
;          |lpm_divide_gem:auto_generated|  ; 44 (0)            ; 0 (0)        ; 0           ; 0            ; 0       ; 0         ; 0    ; 0            ; |BO|display:disp|lpm_divide:Div1|lpm_divide_gem:auto_generated                                                   ; work         ;
;             |sign_div_unsign_qlh:divider| ; 44 (0)            ; 0 (0)        ; 0           ; 0            ; 0       ; 0         ; 0    ; 0            ; |BO|display:disp|lpm_divide:Div1|lpm_divide_gem:auto_generated|sign_div_unsign_qlh:divider                       ; work         ;
;                |alt_u_div_m2f:divider|    ; 44 (44)           ; 0 (0)        ; 0           ; 0            ; 0       ; 0         ; 0    ; 0            ; |BO|display:disp|lpm_divide:Div1|lpm_divide_gem:auto_generated|sign_div_unsign_qlh:divider|alt_u_div_m2f:divider ; work         ;
;       |lpm_divide:Div2|                   ; 5 (0)             ; 0 (0)        ; 0           ; 0            ; 0       ; 0         ; 0    ; 0            ; |BO|display:disp|lpm_divide:Div2                                                                                 ; work         ;
;          |lpm_divide_gem:auto_generated|  ; 5 (0)             ; 0 (0)        ; 0           ; 0            ; 0       ; 0         ; 0    ; 0            ; |BO|display:disp|lpm_divide:Div2|lpm_divide_gem:auto_generated                                                   ; work         ;
;             |sign_div_unsign_qlh:divider| ; 5 (0)             ; 0 (0)        ; 0           ; 0            ; 0       ; 0         ; 0    ; 0            ; |BO|display:disp|lpm_divide:Div2|lpm_divide_gem:auto_generated|sign_div_unsign_qlh:divider                       ; work         ;
;                |alt_u_div_m2f:divider|    ; 5 (5)             ; 0 (0)        ; 0           ; 0            ; 0       ; 0         ; 0    ; 0            ; |BO|display:disp|lpm_divide:Div2|lpm_divide_gem:auto_generated|sign_div_unsign_qlh:divider|alt_u_div_m2f:divider ; work         ;
;    |mux4x1:mux0|                          ; 2 (2)             ; 0 (0)        ; 0           ; 0            ; 0       ; 0         ; 0    ; 0            ; |BO|mux4x1:mux0                                                                                                  ; work         ;
;    |mux4x1:mux1|                          ; 12 (12)           ; 0 (0)        ; 0           ; 0            ; 0       ; 0         ; 0    ; 0            ; |BO|mux4x1:mux1                                                                                                  ; work         ;
;    |mux4x1:mux2|                          ; 13 (13)           ; 0 (0)        ; 0           ; 0            ; 0       ; 0         ; 0    ; 0            ; |BO|mux4x1:mux2                                                                                                  ; work         ;
;    |operador:op|                          ; 18 (18)           ; 0 (0)        ; 0           ; 1            ; 1       ; 0         ; 0    ; 0            ; |BO|operador:op                                                                                                  ; work         ;
;       |lpm_mult:Mult0|                    ; 0 (0)             ; 0 (0)        ; 0           ; 1            ; 1       ; 0         ; 0    ; 0            ; |BO|operador:op|lpm_mult:Mult0                                                                                   ; work         ;
;          |mult_o5t:auto_generated|        ; 0 (0)             ; 0 (0)        ; 0           ; 1            ; 1       ; 0         ; 0    ; 0            ; |BO|operador:op|lpm_mult:Mult0|mult_o5t:auto_generated                                                           ; work         ;
+-------------------------------------------+-------------------+--------------+-------------+--------------+---------+-----------+------+--------------+------------------------------------------------------------------------------------------------------------------+--------------+
Note: For table entries with two numbers listed, the numbers in parentheses indicate the number of resources of the given type used by the specific entity alone. The numbers listed outside of parentheses indicate the total resources of the given type used by the specific entity and all of its sub-entities in the hierarchy.


+-----------------------------------------------------+
; Analysis & Synthesis DSP Block Usage Summary        ;
+---------------------------------------+-------------+
; Statistic                             ; Number Used ;
+---------------------------------------+-------------+
; Simple Multipliers (9-bit)            ; 1           ;
; Simple Multipliers (18-bit)           ; 0           ;
; Embedded Multiplier Blocks            ; --          ;
; Embedded Multiplier 9-bit elements    ; 1           ;
; Signed Embedded Multipliers           ; 0           ;
; Unsigned Embedded Multipliers         ; 1           ;
; Mixed Sign Embedded Multipliers       ; 0           ;
; Variable Sign Embedded Multipliers    ; 0           ;
; Dedicated Input Shift Register Chains ; 0           ;
+---------------------------------------+-------------+
Note: number of Embedded Multiplier Blocks used is only available after a successful fit.


+------------------------------------------------------+
; General Register Statistics                          ;
+----------------------------------------------+-------+
; Statistic                                    ; Value ;
+----------------------------------------------+-------+
; Total registers                              ; 19    ;
; Number of registers using Synchronous Clear  ; 0     ;
; Number of registers using Synchronous Load   ; 0     ;
; Number of registers using Asynchronous Clear ; 0     ;
; Number of registers using Asynchronous Load  ; 0     ;
; Number of registers using Clock Enable       ; 19    ;
; Number of registers using Preset             ; 0     ;
+----------------------------------------------+-------+


+------------------------------------------------------------------------------------------------------------------------------------------+
; Multiplexer Restructuring Statistics (Restructuring Performed)                                                                           ;
+--------------------+-----------+---------------+----------------------+------------------------+------------+----------------------------+
; Multiplexer Inputs ; Bus Width ; Baseline Area ; Area if Restructured ; Saving if Restructured ; Registered ; Example Multiplexer Output ;
+--------------------+-----------+---------------+----------------------+------------------------+------------+----------------------------+
; 4:1                ; 4 bits    ; 8 LEs         ; 8 LEs                ; 0 LEs                  ; No         ; |BO|mux4x1:mux2|Mux5       ;
; 4:1                ; 3 bits    ; 6 LEs         ; 6 LEs                ; 0 LEs                  ; No         ; |BO|mux4x1:mux2|Mux9       ;
; 4:1                ; 4 bits    ; 8 LEs         ; 8 LEs                ; 0 LEs                  ; No         ; |BO|mux4x1:mux1|Mux5       ;
; 4:1                ; 3 bits    ; 6 LEs         ; 6 LEs                ; 0 LEs                  ; No         ; |BO|mux4x1:mux1|Mux9       ;
+--------------------+-----------+---------------+----------------------+------------------------+------------+----------------------------+


+--------------------------------------------------------------------+
; Parameter Settings for User Entity Instance: Top-level Entity: |BO ;
+----------------+-------+-------------------------------------------+
; Parameter Name ; Value ; Type                                      ;
+----------------+-------+-------------------------------------------+
; A              ; 5     ; Signed Integer                            ;
; B              ; 2     ; Signed Integer                            ;
; C              ; 9     ; Signed Integer                            ;
+----------------+-------+-------------------------------------------+
Note: In order to hide this table in the UI and the text report file, please set the "Show Parameter Settings in Synthesis Report" option in "Analysis and Synthesis Settings -> More Settings" to "Off".


+-----------------------------------------------------------------------------------+
; Parameter Settings for Inferred Entity Instance: operador:op|lpm_mult:Mult0       ;
+------------------------------------------------+------------+---------------------+
; Parameter Name                                 ; Value      ; Type                ;
+------------------------------------------------+------------+---------------------+
; AUTO_CARRY_CHAINS                              ; ON         ; AUTO_CARRY          ;
; IGNORE_CARRY_BUFFERS                           ; OFF        ; IGNORE_CARRY        ;
; AUTO_CASCADE_CHAINS                            ; ON         ; AUTO_CASCADE        ;
; IGNORE_CASCADE_BUFFERS                         ; OFF        ; IGNORE_CASCADE      ;
; LPM_WIDTHA                                     ; 8          ; Untyped             ;
; LPM_WIDTHB                                     ; 8          ; Untyped             ;
; LPM_WIDTHP                                     ; 16         ; Untyped             ;
; LPM_WIDTHR                                     ; 16         ; Untyped             ;
; LPM_WIDTHS                                     ; 1          ; Untyped             ;
; LPM_REPRESENTATION                             ; UNSIGNED   ; Untyped             ;
; LPM_PIPELINE                                   ; 0          ; Untyped             ;
; LATENCY                                        ; 0          ; Untyped             ;
; INPUT_A_IS_CONSTANT                            ; NO         ; Untyped             ;
; INPUT_B_IS_CONSTANT                            ; NO         ; Untyped             ;
; USE_EAB                                        ; OFF        ; Untyped             ;
; MAXIMIZE_SPEED                                 ; 5          ; Untyped             ;
; DEVICE_FAMILY                                  ; Cyclone II ; Untyped             ;
; CARRY_CHAIN                                    ; MANUAL     ; Untyped             ;
; APEX20K_TECHNOLOGY_MAPPER                      ; LUT        ; TECH_MAPPER_APEX20K ;
; DEDICATED_MULTIPLIER_CIRCUITRY                 ; AUTO       ; Untyped             ;
; DEDICATED_MULTIPLIER_MIN_INPUT_WIDTH_FOR_AUTO  ; 0          ; Untyped             ;
; DEDICATED_MULTIPLIER_MIN_OUTPUT_WIDTH_FOR_AUTO ; 0          ; Untyped             ;
; CBXI_PARAMETER                                 ; mult_o5t   ; Untyped             ;
; INPUT_A_FIXED_VALUE                            ; Bx         ; Untyped             ;
; INPUT_B_FIXED_VALUE                            ; Bx         ; Untyped             ;
; USE_AHDL_IMPLEMENTATION                        ; OFF        ; Untyped             ;
+------------------------------------------------+------------+---------------------+
Note: In order to hide this table in the UI and the text report file, please set the "Show Parameter Settings in Synthesis Report" option in "Analysis and Synthesis Settings -> More Settings" to "Off".


+-------------------------------------------------------------------------------+
; Parameter Settings for Inferred Entity Instance: display:disp|lpm_divide:Div0 ;
+------------------------+----------------+-------------------------------------+
; Parameter Name         ; Value          ; Type                                ;
+------------------------+----------------+-------------------------------------+
; LPM_WIDTHN             ; 10             ; Untyped                             ;
; LPM_WIDTHD             ; 4              ; Untyped                             ;
; LPM_NREPRESENTATION    ; UNSIGNED       ; Untyped                             ;
; LPM_DREPRESENTATION    ; UNSIGNED       ; Untyped                             ;
; LPM_PIPELINE           ; 0              ; Untyped                             ;
; LPM_REMAINDERPOSITIVE  ; TRUE           ; Untyped                             ;
; MAXIMIZE_SPEED         ; 5              ; Untyped                             ;
; CBXI_PARAMETER         ; lpm_divide_aem ; Untyped                             ;
; CARRY_CHAIN            ; MANUAL         ; Untyped                             ;
; OPTIMIZE_FOR_SPEED     ; 5              ; Untyped                             ;
; AUTO_CARRY_CHAINS      ; ON             ; AUTO_CARRY                          ;
; IGNORE_CARRY_BUFFERS   ; OFF            ; IGNORE_CARRY                        ;
; AUTO_CASCADE_CHAINS    ; ON             ; AUTO_CASCADE                        ;
; IGNORE_CASCADE_BUFFERS ; OFF            ; IGNORE_CASCADE                      ;
+------------------------+----------------+-------------------------------------+
Note: In order to hide this table in the UI and the text report file, please set the "Show Parameter Settings in Synthesis Report" option in "Analysis and Synthesis Settings -> More Settings" to "Off".


+-------------------------------------------------------------------------------+
; Parameter Settings for Inferred Entity Instance: display:disp|lpm_divide:Div1 ;
+------------------------+----------------+-------------------------------------+
; Parameter Name         ; Value          ; Type                                ;
+------------------------+----------------+-------------------------------------+
; LPM_WIDTHN             ; 16             ; Untyped                             ;
; LPM_WIDTHD             ; 4              ; Untyped                             ;
; LPM_NREPRESENTATION    ; UNSIGNED       ; Untyped                             ;
; LPM_DREPRESENTATION    ; UNSIGNED       ; Untyped                             ;
; LPM_PIPELINE           ; 0              ; Untyped                             ;
; LPM_REMAINDERPOSITIVE  ; TRUE           ; Untyped                             ;
; MAXIMIZE_SPEED         ; 5              ; Untyped                             ;
; CBXI_PARAMETER         ; lpm_divide_gem ; Untyped                             ;
; CARRY_CHAIN            ; MANUAL         ; Untyped                             ;
; OPTIMIZE_FOR_SPEED     ; 5              ; Untyped                             ;
; AUTO_CARRY_CHAINS      ; ON             ; AUTO_CARRY                          ;
; IGNORE_CARRY_BUFFERS   ; OFF            ; IGNORE_CARRY                        ;
; AUTO_CASCADE_CHAINS    ; ON             ; AUTO_CASCADE                        ;
; IGNORE_CASCADE_BUFFERS ; OFF            ; IGNORE_CASCADE                      ;
+------------------------+----------------+-------------------------------------+
Note: In order to hide this table in the UI and the text report file, please set the "Show Parameter Settings in Synthesis Report" option in "Analysis and Synthesis Settings -> More Settings" to "Off".


+-------------------------------------------------------------------------------+
; Parameter Settings for Inferred Entity Instance: display:disp|lpm_divide:Div2 ;
+------------------------+----------------+-------------------------------------+
; Parameter Name         ; Value          ; Type                                ;
+------------------------+----------------+-------------------------------------+
; LPM_WIDTHN             ; 16             ; Untyped                             ;
; LPM_WIDTHD             ; 4              ; Untyped                             ;
; LPM_NREPRESENTATION    ; UNSIGNED       ; Untyped                             ;
; LPM_DREPRESENTATION    ; UNSIGNED       ; Untyped                             ;
; LPM_PIPELINE           ; 0              ; Untyped                             ;
; LPM_REMAINDERPOSITIVE  ; TRUE           ; Untyped                             ;
; MAXIMIZE_SPEED         ; 5              ; Untyped                             ;
; CBXI_PARAMETER         ; lpm_divide_gem ; Untyped                             ;
; CARRY_CHAIN            ; MANUAL         ; Untyped                             ;
; OPTIMIZE_FOR_SPEED     ; 5              ; Untyped                             ;
; AUTO_CARRY_CHAINS      ; ON             ; AUTO_CARRY                          ;
; IGNORE_CARRY_BUFFERS   ; OFF            ; IGNORE_CARRY                        ;
; AUTO_CASCADE_CHAINS    ; ON             ; AUTO_CASCADE                        ;
; IGNORE_CASCADE_BUFFERS ; OFF            ; IGNORE_CASCADE                      ;
+------------------------+----------------+-------------------------------------+
Note: In order to hide this table in the UI and the text report file, please set the "Show Parameter Settings in Synthesis Report" option in "Analysis and Synthesis Settings -> More Settings" to "Off".


+--------------------------------------------------------------------+
; lpm_mult Parameter Settings by Entity Instance                     ;
+---------------------------------------+----------------------------+
; Name                                  ; Value                      ;
+---------------------------------------+----------------------------+
; Number of entity instances            ; 1                          ;
; Entity Instance                       ; operador:op|lpm_mult:Mult0 ;
;     -- LPM_WIDTHA                     ; 8                          ;
;     -- LPM_WIDTHB                     ; 8                          ;
;     -- LPM_WIDTHP                     ; 16                         ;
;     -- LPM_REPRESENTATION             ; UNSIGNED                   ;
;     -- INPUT_A_IS_CONSTANT            ; NO                         ;
;     -- INPUT_B_IS_CONSTANT            ; NO                         ;
;     -- USE_EAB                        ; OFF                        ;
;     -- DEDICATED_MULTIPLIER_CIRCUITRY ; AUTO                       ;
;     -- INPUT_A_FIXED_VALUE            ; Bx                         ;
;     -- INPUT_B_FIXED_VALUE            ; Bx                         ;
+---------------------------------------+----------------------------+


+--------------------------------------------------------------------------------------------------------------------------------------------------------------------------------------------------------------+
; Port Connectivity Checks: "display:disp"                                                                                                                                                                     ;
+------+-------+----------+------------------------------------------------------------------------------------------------------------------------------------------------------------------------------------+
; Port ; Type  ; Severity ; Details                                                                                                                                                                            ;
+------+-------+----------+------------------------------------------------------------------------------------------------------------------------------------------------------------------------------------+
; R    ; Input ; Warning  ; Input port expression (16 bits) is wider than the input port (10 bits) it drives.  The 6 most-significant bit(s) in the expression will be dangling if they have no other fanouts. ;
+------+-------+----------+------------------------------------------------------------------------------------------------------------------------------------------------------------------------------------+


+------------------------------------------------------------------------------------------------------------------------------------------------------------------------------------+
; Port Connectivity Checks: "operador:op"                                                                                                                                            ;
+---------------+--------+----------+------------------------------------------------------------------------------------------------------------------------------------------------+
; Port          ; Type   ; Severity ; Details                                                                                                                                        ;
+---------------+--------+----------+------------------------------------------------------------------------------------------------------------------------------------------------+
; v1            ; Input  ; Warning  ; Input port expression (10 bits) is smaller than the input port (16 bits) it drives.  Extra input bit(s) "v1[15..10]" will be connected to GND. ;
; v2            ; Input  ; Warning  ; Input port expression (10 bits) is smaller than the input port (16 bits) it drives.  Extra input bit(s) "v2[15..10]" will be connected to GND. ;
; h             ; Input  ; Warning  ; Input port expression (1 bits) is smaller than the input port (2 bits) it drives.  Extra input bit(s) "h[1..1]" will be connected to GND.      ;
; saida[15..10] ; Output ; Info     ; Connected to dangling logic. Logic that only feeds a dangling port will be removed.                                                            ;
+---------------+--------+----------+------------------------------------------------------------------------------------------------------------------------------------------------+


+--------------------------------------------------------------------------------------------------------------------------------------------------------------------------+
; Port Connectivity Checks: "mux4x1:mux2"                                                                                                                                  ;
+------+-------+----------+------------------------------------------------------------------------------------------------------------------------------------------------+
; Port ; Type  ; Severity ; Details                                                                                                                                        ;
+------+-------+----------+------------------------------------------------------------------------------------------------------------------------------------------------+
; am   ; Input ; Warning  ; Input port expression (10 bits) is smaller than the input port (16 bits) it drives.  Extra input bit(s) "am[15..10]" will be connected to GND. ;
; bm   ; Input ; Warning  ; Input port expression (8 bits) is smaller than the input port (16 bits) it drives.  Extra input bit(s) "bm[15..8]" will be connected to GND.   ;
; cm   ; Input ; Warning  ; Input port expression (8 bits) is smaller than the input port (16 bits) it drives.  Extra input bit(s) "cm[15..8]" will be connected to GND.   ;
; ym   ; Input ; Warning  ; Input port expression (8 bits) is smaller than the input port (16 bits) it drives.  Extra input bit(s) "ym[15..8]" will be connected to GND.   ;
+------+-------+----------+------------------------------------------------------------------------------------------------------------------------------------------------+


+--------------------------------------------------------------------------------------------------------------------------------------------------------------------------+
; Port Connectivity Checks: "mux4x1:mux1"                                                                                                                                  ;
+------+-------+----------+------------------------------------------------------------------------------------------------------------------------------------------------+
; Port ; Type  ; Severity ; Details                                                                                                                                        ;
+------+-------+----------+------------------------------------------------------------------------------------------------------------------------------------------------+
; am   ; Input ; Warning  ; Input port expression (8 bits) is smaller than the input port (16 bits) it drives.  Extra input bit(s) "am[15..8]" will be connected to GND.   ;
; bm   ; Input ; Warning  ; Input port expression (8 bits) is smaller than the input port (16 bits) it drives.  Extra input bit(s) "bm[15..8]" will be connected to GND.   ;
; cm   ; Input ; Warning  ; Input port expression (8 bits) is smaller than the input port (16 bits) it drives.  Extra input bit(s) "cm[15..8]" will be connected to GND.   ;
; ym   ; Input ; Warning  ; Input port expression (10 bits) is smaller than the input port (16 bits) it drives.  Extra input bit(s) "ym[15..10]" will be connected to GND. ;
+------+-------+----------+------------------------------------------------------------------------------------------------------------------------------------------------+


+--------------------------------------------------------------------------------------------------------------------------------------------------------------------------------------------------------------------+
; Port Connectivity Checks: "mux4x1:mux0"                                                                                                                                                                            ;
+-----------+-------+----------+-------------------------------------------------------------------------------------------------------------------------------------------------------------------------------------+
; Port      ; Type  ; Severity ; Details                                                                                                                                                                             ;
+-----------+-------+----------+-------------------------------------------------------------------------------------------------------------------------------------------------------------------------------------+
; am        ; Input ; Warning  ; Input port expression (32 bits) is wider than the input port (16 bits) it drives.  The 16 most-significant bit(s) in the expression will be dangling if they have no other fanouts. ;
; am[15..3] ; Input ; Info     ; Stuck at GND                                                                                                                                                                        ;
; am[2]     ; Input ; Info     ; Stuck at VCC                                                                                                                                                                        ;
; am[1]     ; Input ; Info     ; Stuck at GND                                                                                                                                                                        ;
; am[0]     ; Input ; Info     ; Stuck at VCC                                                                                                                                                                        ;
; bm        ; Input ; Warning  ; Input port expression (32 bits) is wider than the input port (16 bits) it drives.  The 16 most-significant bit(s) in the expression will be dangling if they have no other fanouts. ;
; bm[15..2] ; Input ; Info     ; Stuck at GND                                                                                                                                                                        ;
; bm[1]     ; Input ; Info     ; Stuck at VCC                                                                                                                                                                        ;
; bm[0]     ; Input ; Info     ; Stuck at GND                                                                                                                                                                        ;
; cm        ; Input ; Warning  ; Input port expression (32 bits) is wider than the input port (16 bits) it drives.  The 16 most-significant bit(s) in the expression will be dangling if they have no other fanouts. ;
; cm[15..4] ; Input ; Info     ; Stuck at GND                                                                                                                                                                        ;
; cm[2..1]  ; Input ; Info     ; Stuck at GND                                                                                                                                                                        ;
; cm[3]     ; Input ; Info     ; Stuck at VCC                                                                                                                                                                        ;
; cm[0]     ; Input ; Info     ; Stuck at VCC                                                                                                                                                                        ;
; ym        ; Input ; Warning  ; Input port expression (32 bits) is wider than the input port (16 bits) it drives.  The 16 most-significant bit(s) in the expression will be dangling if they have no other fanouts. ;
; ym[15..0] ; Input ; Info     ; Stuck at GND                                                                                                                                                                        ;
+-----------+-------+----------+-------------------------------------------------------------------------------------------------------------------------------------------------------------------------------------+


+-------------------------------+
; Elapsed Time Per Partition    ;
+----------------+--------------+
; Partition Name ; Elapsed Time ;
+----------------+--------------+
; Top            ; 00:00:00     ;
+----------------+--------------+


+-------------------------------+
; Analysis & Synthesis Messages ;
+-------------------------------+
Info: *******************************************************************
Info: Running Quartus II 64-Bit Analysis & Synthesis
    Info: Version 13.0.1 Build 232 06/12/2013 Service Pack 1 SJ Web Edition
    Info: Processing started: Wed Dec 07 23:07:41 2022
Info: Command: quartus_map --read_settings_files=on --write_settings_files=off BO -c BO
Warning (20028): Parallel compilation is not licensed and has been disabled
Info (12021): Found 1 design units, including 1 entities, in source file mux4x1.v
    Info (12023): Found entity 1: mux4x1
Info (12021): Found 1 design units, including 1 entities, in source file bo.v
    Info (12023): Found entity 1: BO
Info (12021): Found 1 design units, including 1 entities, in source file operador.v
    Info (12023): Found entity 1: operador
Info (12021): Found 1 design units, including 1 entities, in source file display.v
    Info (12023): Found entity 1: display
Info (12127): Elaborating entity "BO" for the top level hierarchy
Warning (10230): Verilog HDL assignment warning at BO.v(18): truncated value with size 16 to match size of target (8)
Warning (10230): Verilog HDL assignment warning at BO.v(20): truncated value with size 16 to match size of target (8)
Info (12128): Elaborating entity "mux4x1" for hierarchy "mux4x1:mux0"
Warning (10230): Verilog HDL assignment warning at mux4x1.v(9): truncated value with size 16 to match size of target (10)
Warning (10230): Verilog HDL assignment warning at mux4x1.v(10): truncated value with size 16 to match size of target (10)
Warning (10230): Verilog HDL assignment warning at mux4x1.v(11): truncated value with size 16 to match size of target (10)
Warning (10230): Verilog HDL assignment warning at mux4x1.v(12): truncated value with size 16 to match size of target (10)
Info (12128): Elaborating entity "operador" for hierarchy "operador:op"
Warning (10270): Verilog HDL Case Statement warning at operador.v(9): incomplete case statement has no default case item
Warning (10240): Verilog HDL Always Construct warning at operador.v(9): inferring latch(es) for variable "saida", which holds its previous value in one or more paths through the always construct
Info (10041): Inferred latch for "saida[0]" at operador.v(9)
Info (10041): Inferred latch for "saida[1]" at operador.v(9)
Info (10041): Inferred latch for "saida[2]" at operador.v(9)
Info (10041): Inferred latch for "saida[3]" at operador.v(9)
Info (10041): Inferred latch for "saida[4]" at operador.v(9)
Info (10041): Inferred latch for "saida[5]" at operador.v(9)
Info (10041): Inferred latch for "saida[6]" at operador.v(9)
Info (10041): Inferred latch for "saida[7]" at operador.v(9)
Info (10041): Inferred latch for "saida[8]" at operador.v(9)
Info (10041): Inferred latch for "saida[9]" at operador.v(9)
Info (10041): Inferred latch for "saida[10]" at operador.v(9)
Info (10041): Inferred latch for "saida[11]" at operador.v(9)
Info (10041): Inferred latch for "saida[12]" at operador.v(9)
Info (10041): Inferred latch for "saida[13]" at operador.v(9)
Info (10041): Inferred latch for "saida[14]" at operador.v(9)
Info (10041): Inferred latch for "saida[15]" at operador.v(9)
Info (12128): Elaborating entity "display" for hierarchy "display:disp"
Warning (10230): Verilog HDL assignment warning at display.v(8): truncated value with size 32 to match size of target (16)
Warning (10230): Verilog HDL assignment warning at display.v(9): truncated value with size 32 to match size of target (16)
Warning (10230): Verilog HDL assignment warning at display.v(10): truncated value with size 16 to match size of target (4)
Warning (10230): Verilog HDL assignment warning at display.v(12): truncated value with size 32 to match size of target (16)
Warning (10230): Verilog HDL assignment warning at display.v(13): truncated value with size 32 to match size of target (16)
Warning (10230): Verilog HDL assignment warning at display.v(14): truncated value with size 16 to match size of target (4)
Warning (10230): Verilog HDL assignment warning at display.v(16): truncated value with size 32 to match size of target (16)
Warning (10230): Verilog HDL assignment warning at display.v(17): truncated value with size 32 to match size of target (16)
Warning (10230): Verilog HDL assignment warning at display.v(18): truncated value with size 16 to match size of target (4)
Warning (10230): Verilog HDL assignment warning at display.v(20): truncated value with size 16 to match size of target (4)
Warning (12011): Net is missing source, defaulting to GND
    Warning (12110): Net "LX[7]" is missing source, defaulting to GND
    Warning (12110): Net "LX[6]" is missing source, defaulting to GND
    Warning (12110): Net "LX[5]" is missing source, defaulting to GND
    Warning (12110): Net "LX[4]" is missing source, defaulting to GND
    Warning (12110): Net "LX[3]" is missing source, defaulting to GND
Warning (12011): Net is missing source, defaulting to GND
    Warning (12110): Net "LX[7]" is missing source, defaulting to GND
    Warning (12110): Net "LX[6]" is missing source, defaulting to GND
    Warning (12110): Net "LX[5]" is missing source, defaulting to GND
    Warning (12110): Net "LX[4]" is missing source, defaulting to GND
    Warning (12110): Net "LX[3]" is missing source, defaulting to GND
Warning (14026): LATCH primitive "operador:op|saida[0]" is permanently enabled
Warning (14026): LATCH primitive "operador:op|saida[1]" is permanently enabled
Warning (14026): LATCH primitive "operador:op|saida[2]" is permanently enabled
Warning (14026): LATCH primitive "operador:op|saida[3]" is permanently enabled
Warning (14026): LATCH primitive "operador:op|saida[4]" is permanently enabled
Warning (14026): LATCH primitive "operador:op|saida[5]" is permanently enabled
Warning (14026): LATCH primitive "operador:op|saida[6]" is permanently enabled
Warning (14026): LATCH primitive "operador:op|saida[7]" is permanently enabled
Warning (14026): LATCH primitive "operador:op|saida[8]" is permanently enabled
Warning (14026): LATCH primitive "operador:op|saida[9]" is permanently enabled
Warning (14026): LATCH primitive "operador:op|saida[0]" is permanently enabled
Warning (14026): LATCH primitive "operador:op|saida[1]" is permanently enabled
Warning (14026): LATCH primitive "operador:op|saida[2]" is permanently enabled
Warning (14026): LATCH primitive "operador:op|saida[3]" is permanently enabled
Warning (14026): LATCH primitive "operador:op|saida[4]" is permanently enabled
Warning (14026): LATCH primitive "operador:op|saida[5]" is permanently enabled
Warning (14026): LATCH primitive "operador:op|saida[6]" is permanently enabled
Warning (14026): LATCH primitive "operador:op|saida[7]" is permanently enabled
Warning (14026): LATCH primitive "operador:op|saida[8]" is permanently enabled
Warning (14026): LATCH primitive "operador:op|saida[9]" is permanently enabled
Info (278001): Inferred 4 megafunctions from design logic
    Info (278003): Inferred multiplier megafunction ("lpm_mult") from the following logic: "operador:op|Mult0"
    Info (278004): Inferred divider/modulo megafunction ("lpm_divide") from the following logic: "display:disp|Div0"
    Info (278004): Inferred divider/modulo megafunction ("lpm_divide") from the following logic: "display:disp|Div1"
    Info (278004): Inferred divider/modulo megafunction ("lpm_divide") from the following logic: "display:disp|Div2"
Info (12130): Elaborated megafunction instantiation "operador:op|lpm_mult:Mult0"
Info (12133): Instantiated megafunction "operador:op|lpm_mult:Mult0" with the following parameter:
    Info (12134): Parameter "LPM_WIDTHA" = "8"
    Info (12134): Parameter "LPM_WIDTHB" = "8"
    Info (12134): Parameter "LPM_WIDTHP" = "16"
    Info (12134): Parameter "LPM_WIDTHR" = "16"
    Info (12134): Parameter "LPM_WIDTHS" = "1"
    Info (12134): Parameter "LPM_REPRESENTATION" = "UNSIGNED"
    Info (12134): Parameter "INPUT_A_IS_CONSTANT" = "NO"
    Info (12134): Parameter "INPUT_B_IS_CONSTANT" = "NO"
    Info (12134): Parameter "MAXIMIZE_SPEED" = "5"
Info (12021): Found 1 design units, including 1 entities, in source file db/mult_o5t.tdf
    Info (12023): Found entity 1: mult_o5t
Info (12130): Elaborated megafunction instantiation "display:disp|lpm_divide:Div0"
Info (12133): Instantiated megafunction "display:disp|lpm_divide:Div0" with the following parameter:
    Info (12134): Parameter "LPM_WIDTHN" = "10"
    Info (12134): Parameter "LPM_WIDTHD" = "4"
    Info (12134): Parameter "LPM_NREPRESENTATION" = "UNSIGNED"
    Info (12134): Parameter "LPM_DREPRESENTATION" = "UNSIGNED"
Info (12021): Found 1 design units, including 1 entities, in source file db/lpm_divide_aem.tdf
    Info (12023): Found entity 1: lpm_divide_aem
Info (12021): Found 1 design units, including 1 entities, in source file db/sign_div_unsign_klh.tdf
    Info (12023): Found entity 1: sign_div_unsign_klh
Info (12021): Found 1 design units, including 1 entities, in source file db/alt_u_div_a2f.tdf
    Info (12023): Found entity 1: alt_u_div_a2f
Info (12021): Found 1 design units, including 1 entities, in source file db/add_sub_lkc.tdf
    Info (12023): Found entity 1: add_sub_lkc
Info (12021): Found 1 design units, including 1 entities, in source file db/add_sub_mkc.tdf
    Info (12023): Found entity 1: add_sub_mkc
Info (12130): Elaborated megafunction instantiation "display:disp|lpm_divide:Div1"
Info (12133): Instantiated megafunction "display:disp|lpm_divide:Div1" with the following parameter:
    Info (12134): Parameter "LPM_WIDTHN" = "16"
    Info (12134): Parameter "LPM_WIDTHD" = "4"
    Info (12134): Parameter "LPM_NREPRESENTATION" = "UNSIGNED"
    Info (12134): Parameter "LPM_DREPRESENTATION" = "UNSIGNED"
Info (12021): Found 1 design units, including 1 entities, in source file db/lpm_divide_gem.tdf
    Info (12023): Found entity 1: lpm_divide_gem
Info (12021): Found 1 design units, including 1 entities, in source file db/sign_div_unsign_qlh.tdf
    Info (12023): Found entity 1: sign_div_unsign_qlh
Info (12021): Found 1 design units, including 1 entities, in source file db/alt_u_div_m2f.tdf
    Info (12023): Found entity 1: alt_u_div_m2f
Info (12130): Elaborated megafunction instantiation "display:disp|lpm_divide:Div2"
Info (12133): Instantiated megafunction "display:disp|lpm_divide:Div2" with the following parameter:
    Info (12134): Parameter "LPM_WIDTHN" = "16"
    Info (12134): Parameter "LPM_WIDTHD" = "4"
    Info (12134): Parameter "LPM_NREPRESENTATION" = "UNSIGNED"
    Info (12134): Parameter "LPM_DREPRESENTATION" = "UNSIGNED"
Warning (12241): 5 hierarchies have connectivity warnings - see the Connectivity Checks report folder
Warning (13024): Output pins are stuck at VCC or GND
    Warning (13410): Pin "HEX3[1]" is stuck at GND
    Warning (13410): Pin "HEX3[2]" is stuck at GND
    Warning (13410): Pin "HEX3[6]" is stuck at VCC
Info (16010): Generating hard_block partition "hard_block:auto_generated_inst"
    Info (16011): Adding 0 node(s), including 0 DDIO, 0 PLL, 0 transceiver and 0 LCELL
Info (21057): Implemented 271 device resources after synthesis - the final resource count might be different
    Info (21058): Implemented 14 input pins
    Info (21059): Implemented 28 output pins
    Info (21061): Implemented 228 logic cells
    Info (21062): Implemented 1 DSP elements
Info: Quartus II 64-Bit Analysis & Synthesis was successful. 0 errors, 56 warnings
    Info: Peak virtual memory: 4616 megabytes
    Info: Processing ended: Wed Dec 07 23:07:43 2022
    Info: Elapsed time: 00:00:02
    Info: Total CPU time (on all processors): 00:00:02


